[2025-05-16 19:12:55] Testing health endpoint...
[2025-05-16 19:12:57] ERROR: Health check error: 'charmap' codec can't encode character '\u2713' in position 22: character maps to <undefined>
[2025-05-16 19:12:57] 
Testing models endpoint...
[2025-05-16 19:12:59] 
Testing ml_olympiad_improved_final...
[2025-05-16 19:13:01] ERROR: Request failed with status 500: {"detail":{"error":"Error making prediction: Feature shape mismatch, expected: 23, got 25"}}
[2025-05-16 19:13:06] ERROR: Request failed with status 500: {"detail":{"error":"Error making prediction: Feature shape mismatch, expected: 23, got 25"}}
[2025-05-16 19:13:10] ERROR: 
Tests interrupted by user.
[2025-05-16 19:14:54] Testing health endpoint...
[2025-05-16 19:14:56] ERROR: Health check error: 'charmap' codec can't encode character '\u2713' in position 22: character maps to <undefined>
[2025-05-16 19:14:56] 
Testing models endpoint...
[2025-05-16 19:14:58] 
Testing ml_olympiad_improved_final...
[2025-05-16 19:15:00] ERROR: Request failed with status 500: {"detail":{"error":"Error making prediction: Feature shape mismatch, expected: 23, got 25"}}
[2025-05-16 19:15:05] ERROR: Request failed with status 500: {"detail":{"error":"Error making prediction: Feature shape mismatch, expected: 23, got 25"}}
[2025-05-16 19:15:09] ERROR: Request failed with status 500: {"detail":{"error":"Error making prediction: Feature shape mismatch, expected: 23, got 25"}}
[2025-05-16 19:15:09] ERROR: Prediction error for ml_olympiad_improved_final: 'charmap' codec can't encode character '\u2717' in position 29: character maps to <undefined>
[2025-05-16 19:15:09] 
Testing archive_improved_final...
[2025-05-16 19:15:11] ERROR: Request failed with status 500: {"detail":{"error":"Error making prediction: X has 25 features, but RandomForestClassifier is expecting 22 features as input."}}
[2025-05-16 19:15:15] ERROR: Request failed with status 500: {"detail":{"error":"Error making prediction: X has 25 features, but RandomForestClassifier is expecting 22 features as input."}}
[2025-05-16 19:15:19] ERROR: Request failed with status 500: {"detail":{"error":"Error making prediction: X has 25 features, but RandomForestClassifier is expecting 22 features as input."}}
[2025-05-16 19:15:19] ERROR: Prediction error for archive_improved_final: 'charmap' codec can't encode character '\u2717' in position 29: character maps to <undefined>
[2025-05-16 19:15:19] ERROR: 
Unexpected error: 'charmap' codec can't encode character '\u2717' in position 31: character maps to <undefined>
[2025-05-16 19:29:19] Testing health endpoint...
[2025-05-16 19:29:21] [PASS] Health check passed
[2025-05-16 19:29:21] Loaded models: ['archive_improved_final', 'ml_olympiad_improved_final']
[2025-05-16 19:29:21] 
Testing models endpoint...
[2025-05-16 19:29:23] 
Testing ml_olympiad_improved_final...
[2025-05-16 19:29:25] [PASS] Prediction successful
[2025-05-16 19:29:25] Result: {
  "model_used": "ML Olympiad \u2013 Improved XGBoost",
  "prediction": 1,
  "label": "Smoker",
  "confidence": "66.25%",
  "model_type": "XGBoost",
  "features_used": [
    "age",
    "height(cm)",
    "weight(kg)",
    "systolic",
    "relaxation",
    "Cholesterol",
    "triglyceride",
    "HDL",
    "LDL",
    "hemoglobin",
    "serum creatinine",
    "AST",
    "ALT",
    "Gtp",
    "dental caries",
    "health_poly_0",
    "health_poly_1",
    "health_poly_4",
    "health_poly_13",
    "bmi",
    "liver_function",
    "hdl_ldl_ratio",
    "ast_alt_ratio"
  ]
}
[2025-05-16 19:29:25] 
Testing archive_improved_final...
[2025-05-16 19:29:27] [PASS] Prediction successful
[2025-05-16 19:29:27] Result: {
  "model_used": "Archive \u2013 Improved Ensemble",
  "prediction": 1,
  "label": "Smoker",
  "confidence": "71.13%",
  "model_type": "Ensemble",
  "features_used": [
    "age",
    "height(cm)",
    "weight(kg)",
    "waist(cm)",
    "systolic",
    "relaxation",
    "fasting blood sugar",
    "triglyceride",
    "HDL",
    "LDL",
    "hemoglobin",
    "serum creatinine",
    "ALT",
    "Gtp",
    "dental caries",
    "health_poly_0",
    "health_poly_4",
    "health_poly_5",
    "bmi",
    "liver_function",
    "hdl_ldl_ratio",
    "ast_alt_ratio"
  ]
}
[2025-05-16 19:29:27] 
[PASS] All tests passed successfully!
